// Jest Snapshot v1, https://goo.gl/fbAQLP

exports[`renders Select Nationality unchanged 1`] = `
<div>
  <div
    class="css-15p2wse"
  >
    <div
      class="css-1kmmdcq"
    >
      Basic information
    </div>
    <div
      class="chakra-container css-17f3xev"
    >
      <div
        class="css-1ispe57"
      >
        <div
          class="css-1tvidti"
        >
          <div
            class="css-16g2rey"
          >
            <svg
              class="chakra-icon css-1r6icfr"
              focusable="false"
              viewBox="0 0 88 75"
              xmlns="http://www.w3.org/2000/svg"
            >
              <g
                clipPath="url(#clip0_7894_88055)"
              >
                <path
                  d="M22.2859 6.62695C22.2859 6.62695 17.943 10.2841 18.2859 13.2555C18.5145 16.227 20.4573 19.8841 22.5145 19.6555C24.5716 19.427 34.743 14.3984 34.743 14.3984L22.2859 6.62695Z"
                  fill="currentColor"
                />
                <path
                  d="M22.2859 6.62695C22.2859 6.62695 17.943 10.2841 18.2859 13.2555C18.5145 16.227 20.4573 19.8841 22.5145 19.6555C24.5716 19.427 34.743 14.3984 34.743 14.3984L22.2859 6.62695Z"
                  stroke="black"
                  strokeMiterlimit="10"
                  strokeWidth="1.5"
                />
                <path
                  d="M31.2001 17.0285C31.2001 17.0285 25.943 19.6571 24.1144 19.8857C20.9144 20.4571 14.743 14.6285 20.8001 8.22852"
                  stroke="black"
                  strokeMiterlimit="10"
                  strokeWidth="1.5"
                />
                <path
                  d="M22.8572 6.05645C22.8572 6.05645 35.7715 0.227878 38.9715 0.113592C42.2858 -0.000693716 56.2286 1.48502 59.2 3.54216C62.1715 5.71359 87.5429 25.9422 88 28.685C88.4572 31.3136 72.3429 73.9422 68.1143 74.285C63.8858 74.6279 37.4858 63.6565 34.8572 62.285C22.6286 55.4279 18.0572 49.8279 18.5143 49.1422C21.4858 43.885 34.9715 28.9136 34.9715 28.9136C34.9715 28.9136 36.6858 17.2565 33.2572 14.285C29.8286 11.3136 22.8572 6.05645 22.8572 6.05645Z"
                  fill="currentColor"
                />
                <path
                  d="M48.3432 40.9141C48.3432 40.9141 51.7718 45.0283 49.8289 47.0855C47.886 49.1426 44.1146 46.6283 44.1146 46.6283C44.1146 46.6283 47.7718 50.6284 46.7432 53.0284C45.7146 55.4283 40.1146 53.9426 40.1146 53.9426C40.1146 53.9426 45.2575 58.6283 43.7718 61.1426C42.286 63.6569 38.286 64.3426 30.6289 58.7426"
                  stroke="black"
                  strokeMiterlimit="10"
                  strokeWidth="1.5"
                />
                <path
                  d="M70.5138 13.0278C70.5138 13.0278 55.4281 -8.00081 26.0566 5.25634"
                  stroke="black"
                  strokeMiterlimit="10"
                  strokeWidth="1.5"
                />
                <path
                  d="M40.3428 16.113C43.1999 15.0844 45.5999 16.4559 45.5999 16.4559"
                  stroke="black"
                  strokeMiterlimit="10"
                  strokeWidth="1.5"
                />
                <path
                  d="M41.9428 27.7701C44.4571 16.5701 37.4856 5.48436 26.2856 2.97007C15.0856 0.341498 3.88563 7.42721 1.37134 18.6272C0.685629 21.5986 0.685629 24.6844 1.25706 27.5415L1.37134 27.8844C1.48563 28.3415 1.59992 28.6844 1.7142 29.1415L9.82849 60.3415C9.82849 60.4558 9.82849 60.4558 9.82849 60.5701C10.1713 61.8272 11.1999 62.7415 12.5713 63.0844C13.9428 63.4272 15.4285 62.8558 16.2285 61.8272L37.0285 37.2558C37.3713 36.9129 37.7142 36.4558 38.0571 36.1129L38.1713 35.9986C39.8856 33.4844 41.2571 30.8558 41.9428 27.7701ZM21.1428 25.8272C16.6856 24.7986 13.8285 20.3415 14.8571 15.7701C15.8856 11.3129 20.3428 8.45578 24.9142 9.48436C29.3713 10.5129 32.2285 14.9701 31.1999 19.5415C30.1713 24.1129 25.7142 26.8558 21.1428 25.8272Z"
                  fill="#F2696A"
                />
                <path
                  d="M41.9428 27.7701C44.4571 16.5701 37.4856 5.48436 26.2856 2.97007C15.0856 0.341498 3.88563 7.42721 1.37134 18.6272C0.685629 21.5986 0.685629 24.6844 1.25706 27.5415L1.37134 27.8844C1.48563 28.3415 1.59992 28.6844 1.7142 29.1415L9.82849 60.3415C9.82849 60.4558 9.82849 60.4558 9.82849 60.5701C10.1713 61.8272 11.1999 62.7415 12.5713 63.0844C13.9428 63.4272 15.4285 62.8558 16.2285 61.8272L37.0285 37.2558C37.3713 36.9129 37.7142 36.4558 38.0571 36.1129L38.1713 35.9986C39.8856 33.4844 41.2571 30.8558 41.9428 27.7701ZM21.1428 25.8272C16.6856 24.7986 13.8285 20.3415 14.8571 15.7701C15.8856 11.3129 20.3428 8.45578 24.9142 9.48436C29.3713 10.5129 32.2285 14.9701 31.1999 19.5415C30.1713 24.1129 25.7142 26.8558 21.1428 25.8272Z"
                  stroke="black"
                  strokeMiterlimit="10"
                  strokeWidth="1.5"
                />
                <path
                  d="M52.4573 24.4569C52.4573 24.4569 41.0287 20.4569 36.8001 23.314C32.5716 26.1712 32.5716 31.1998 34.5144 32.4569C36.4573 33.714 48.9144 37.1426 48.9144 37.1426"
                  fill="currentColor"
                />
                <path
                  d="M52.4573 24.4569C52.4573 24.4569 41.0287 20.4569 36.8001 23.314C32.5716 26.1712 32.5716 31.1998 34.5144 32.4569C36.4573 33.714 48.9144 37.1426 48.9144 37.1426"
                  stroke="black"
                  strokeMiterlimit="10"
                  strokeWidth="1.5"
                />
                <path
                  d="M57.7138 14.3984C57.7138 14.3984 52.4566 16.7984 54.2852 24.4556C54.2852 24.4556 42.628 21.2556 37.2566 22.9699C31.8852 24.6842 33.2566 29.9413 34.0566 31.5413C35.8852 35.3127 55.1995 38.7413 57.828 39.0842"
                  stroke="black"
                  strokeMiterlimit="10"
                  strokeWidth="1.5"
                />
              </g>
              <defs>
                <clippath
                  id="clip0_7894_88055"
                >
                  <rect
                    fill="white"
                    height="74.2857"
                    width="88"
                  />
                </clippath>
              </defs>
            </svg>
          </div>
        </div>
        <div
          class="css-14s5ckc"
        >
          <div
            class="css-1s2o82u"
          >
            <div
              class="css-1uoge8t"
            >
              <div
                class="css-coo02u"
              >
                <div
                  class="css-achvtx"
                >
                  Select Nationality
                  <span
                    class="chakra-text css-1b8yx6g"
                  >
                     
                    *
                  </span>
                </div>
                <div
                  class="css-0"
                >
                  <div
                    class="css-s2ct51"
                  >
                    <div
                      class=" css-n9lnso-SelectContainer"
                    >
                      <span
                        class="css-1f43avz-a11yText-A11yText"
                        id="react-select-:r0:-live-region"
                      />
                      <span
                        aria-atomic="false"
                        aria-live="polite"
                        aria-relevant="additions text"
                        class="css-1f43avz-a11yText-A11yText"
                      />
                      <div
                        class=" css-1xuao1n-control"
                      >
                        <div
                          class=" css-15ki4p9-ValueContainer"
                        >
                          <div
                            class="css-xxdqwu"
                          >
                            <div
                              class="css-138yobv"
                            >
                              Nationality
                            </div>
                            <div
                              class=" css-1fs6gt4-Input"
                              data-value=""
                            >
                              <input
                                aria-autocomplete="list"
                                aria-describedby="react-select-:r0:-placeholder"
                                aria-expanded="false"
                                aria-haspopup="true"
                                autocapitalize="none"
                                autocomplete="off"
                                autocorrect="off"
                                class=""
                                id="react-select-:r0:-input"
                                role="combobox"
                                spellcheck="false"
                                style="opacity: 1; width: 100%; grid-area: 1 / 2; min-width: 2px; border: 0px; margin: 0px; outline: 0; padding: 0px;"
                                tabindex="0"
                                type="text"
                                value=""
                              />
                            </div>
                          </div>
                        </div>
                        <div
                          class=" css-1hb7zxy-IndicatorsContainer"
                        >
                          <span
                            class=" css-1xjgjl1-IndicatorSeparator"
                          />
                          <svg
                            class="chakra-icon css-h50qoc"
                            focusable="false"
                            viewBox="0 0 20 20"
                            xmlns="http://www.w3.org/2000/svg"
                          >
                            <path
                              d="M16.25 6.875L10 13.125L3.75 6.875"
                              stroke="currentColor"
                              strokeLinecap="round"
                              strokeLinejoin="round"
                              strokeWidth="1.5"
                            />
                          </svg>
                        </div>
                      </div>
                    </div>
                  </div>
                </div>
              </div>
              <div
                class="css-lrby83"
              >
                <button
                  class="chakra-button css-k6pd2s"
                  type="button"
                >
                  Proceed
                  <span
                    class="css-9n3bbc"
                  >
                    <svg
                      class="chakra-icon css-iz364c"
                      focusable="false"
                      viewBox="0 0 15 14"
                      xmlns="http://www.w3.org/2000/svg"
                    >
                      <path
                        d="M1.25 7L13.75 7M13.75 7L8.125 1.375M13.75 7L8.125 12.625"
                        stroke="#33EFEF"
                        strokeLinecap="round"
                        strokeLinejoin="round"
                        strokeWidth="1.5"
                      />
                    </svg>
                  </span>
                </button>
              </div>
            </div>
          </div>
          <button
            class="chakra-button css-1mv50kv"
            type="button"
          >
            Proceed
            <span
              class="css-9n3bbc"
            >
              <svg
                class="chakra-icon css-iz364c"
                focusable="false"
                viewBox="0 0 15 14"
                xmlns="http://www.w3.org/2000/svg"
              >
                <path
                  d="M1.25 7L13.75 7M13.75 7L8.125 1.375M13.75 7L8.125 12.625"
                  stroke="#33EFEF"
                  strokeLinecap="round"
                  strokeLinejoin="round"
                  strokeWidth="1.5"
                />
              </svg>
            </span>
          </button>
        </div>
      </div>
    </div>
  </div>
</div>
`;
