// Jest Snapshot v1, https://goo.gl/fbAQLP

exports[`renders FanLatestInteractions unchanged 1`] = `
<div>
  <div
    class="css-1pwwxxz"
  >
    <div
      class="css-n6hccp"
    >
      <h2
        class="chakra-heading css-qr4qy3"
      >
        Latest interactions
      </h2>
      <div
        class="css-14s0qel"
      >
        <a
          class="chakra-link css-1th3ek1"
          href="fan/interactions"
        >
          view all
        </a>
        <a
          class="chakra-link css-0"
          href="fan/interactions"
        >
          <svg
            class="chakra-icon css-xnm48g"
            focusable="false"
            viewBox="0 0 12 11"
            xmlns="http://www.w3.org/2000/svg"
          >
            <path
              d="M1 5.5L11 5.5M11 5.5L6.5 1M11 5.5L6.5 10"
              stroke="currentColor"
              strokeLinecap="round"
              strokeLinejoin="round"
            />
          </svg>
        </a>
      </div>
    </div>
     
    <div
      class="css-zxuka3"
    >
      <a
        class="chakra-link css-dfpqc0"
        href="/fan/athlete-profile/1234/interaction?view=1"
      >
        <div
          class="chakra-aspect-ratio css-1vf0n2n"
        >
          <div
            class="css-159vqpg"
          >
            <div
              class="css-15l3wnn"
            >
              <svg
                class="chakra-icon css-s04ltm"
                focusable="false"
                viewBox="0 0 22 20"
                xmlns="http://www.w3.org/2000/svg"
              >
                <path
                  d="M16.4544 5H18.6362C19.8412 5 20.818 5.89543 20.818 7V13C20.818 14.1046 19.8412 15 18.6362 15H16.4544V19L12.0907 15H7.72709C7.1246 15 6.57915 14.7761 6.18432 14.4142M6.18432 14.4142L9.90891 11H14.2725C15.4775 11 16.4544 10.1046 16.4544 9V3C16.4544 1.89543 15.4775 1 14.2725 1H3.36346C2.15847 1 1.18164 1.89543 1.18164 3V9C1.18164 10.1046 2.15847 11 3.36346 11H5.54528V15L6.18432 14.4142Z"
                  stroke="currentColor"
                  strokeLinecap="round"
                  strokeLinejoin="round"
                />
              </svg>
            </div>
            <p
              class="chakra-text css-i2rf96"
            >
              123
            </p>
          </div>
        </div>
        <div
          class="css-9dkrto"
        >
          <img
            alt="avatar"
            class="chakra-image css-1gthvdk"
            src="undefined/123124"
          />
        </div>
      </a>
      <a
        class="chakra-link css-dfpqc0"
        href="/fan/athlete-profile/1234/interaction?view=1"
      >
        <div
          class="chakra-aspect-ratio css-1vf0n2n"
        >
          <div
            class="css-159vqpg"
          >
            <div
              class="css-15l3wnn"
            >
              <svg
                class="chakra-icon css-s04ltm"
                focusable="false"
                viewBox="0 0 22 20"
                xmlns="http://www.w3.org/2000/svg"
              >
                <path
                  d="M16.4544 5H18.6362C19.8412 5 20.818 5.89543 20.818 7V13C20.818 14.1046 19.8412 15 18.6362 15H16.4544V19L12.0907 15H7.72709C7.1246 15 6.57915 14.7761 6.18432 14.4142M6.18432 14.4142L9.90891 11H14.2725C15.4775 11 16.4544 10.1046 16.4544 9V3C16.4544 1.89543 15.4775 1 14.2725 1H3.36346C2.15847 1 1.18164 1.89543 1.18164 3V9C1.18164 10.1046 2.15847 11 3.36346 11H5.54528V15L6.18432 14.4142Z"
                  stroke="currentColor"
                  strokeLinecap="round"
                  strokeLinejoin="round"
                />
              </svg>
            </div>
            <p
              class="chakra-text css-i2rf96"
            >
              123
            </p>
          </div>
        </div>
        <div
          class="css-9dkrto"
        >
          <img
            alt="avatar"
            class="chakra-image css-1gthvdk"
            src="undefined/123124"
          />
        </div>
      </a>
    </div>
  </div>
</div>
`;
