// Jest Snapshot v1, https://goo.gl/fbAQLP

exports[`renders homepage unchanged 1`] = `
<div>
  <div
    class="css-1b64ijp"
  >
    <p
      class="chakra-text css-1gekou7"
    >
      hehe
    </p>
    <div
      class="css-1j9fi3e"
    >
      <div
        class="css-1v6mruv"
      >
        <img
          alt=""
          class="chakra-image css-1nqnlj4"
          src="undefined/https://images.pexels.com/photos/127160/pexels-photo-127160.jpeg?auto=compress&cs=tinysrgb&dpr=1&w=500"
        />
        <div
          class="css-rzhx1g"
        >
          <div
            class="css-1p6uzmq"
          >
            <p
              class="chakra-text css-1pe5p2g"
            />
            <p
              class="chakra-text css-4uwlir"
            >
              _
            </p>
          </div>
        </div>
      </div>
    </div>
  </div>
</div>
`;
