// Jest Snapshot v1, https://goo.gl/fbAQLP

exports[`renders homepage unchanged 1`] = `
<div>
  <a
    href="/fan/athlete-profile/48/interaction?view=70"
  >
    <div
      class="css-0"
    >
      <div
        class="css-17ztzjy"
      >
        <img
          alt="avatar"
          class="chakra-image css-1fr13bp"
          src="undefined/https://cdn-icons-png.flaticon.com/512/3135/3135715.png"
        />
        <div
          class="css-1bv04n9"
        >
          <span
            class="chakra-heading css-1esm7ln"
          >
            Sam Smith
          </span>
          <span
            class="chakra-text css-19xmqnt"
          >
             has made a new interaction.
          </span>
          <p
            class="chakra-text css-1i719ia"
          >
            4w ago
          </p>
        </div>
      </div>
    </div>
  </a>
</div>
`;
