// Jest Snapshot v1, https://goo.gl/fbAQLP

exports[`Step renders step unchanged 1`] = `
<div>
  <div
    class="css-tsw8dc"
  >
    <span
      class="chakra-text css-1t513wm"
    >
      Step 
      2
       of 
      5
    </span>
    <div
      class="css-1owjrhv"
    >
      <div
        class="step css-4eay9j"
        role="button"
      >
        <div
          class="css-1hkqsnj"
          data-testid="button-step-1"
        />
      </div>
      <div
        class="step css-2x4aut"
        role="button"
      >
        <div
          class="css-1hkqsnj"
          data-testid="button-step-2"
        />
      </div>
      <div
        class="step css-179v6qh"
        role="button"
      >
        <div
          class="css-s26npi"
          data-testid="button-step-3"
        />
      </div>
      <div
        class="step css-179v6qh"
        role="button"
      >
        <div
          class="css-s26npi"
          data-testid="button-step-4"
        />
      </div>
      <div
        class="step css-179v6qh"
        role="button"
      >
        <div
          class="css-s26npi"
          data-testid="button-step-5"
        />
      </div>
    </div>
  </div>
</div>
`;
