// Jest Snapshot v1, https://goo.gl/fbAQLP

exports[`renders homepage unchanged 1`] = `
<div>
  <div
    class="css-18brryx"
  >
    <div
      class="css-1w462zm"
    >
      <h2
        class="chakra-heading css-1oqmkgg"
      >
        Notifications
      </h2>
    </div>
    <p
      class="chakra-text css-1ct4pun"
    >
      You haven't had any notifications yet!
    </p>
  </div>
</div>
`;
