// Jest Snapshot v1, https://goo.gl/fbAQLP

exports[`renders homepage unchanged 1`] = `
<div>
  <div
    class="css-migbc6"
  >
    <div
      class="css-1eieza3"
    >
      <h2
        class="chakra-heading css-1bdlfcy"
      >
        Notifications
      </h2>
    </div>
    <p
      class="chakra-text css-153jkc0"
    >
      You haven't had any notifications yet!
    </p>
  </div>
</div>
`;
