// Jest Snapshot v1, https://goo.gl/fbAQLP

exports[`renders membership unchanged 1`] = `
<div>
  <div
    class="css-1h0mgil"
  >
    <div
      class="css-5tnwgz"
    >
      <h2
        class="chakra-heading css-ayg11n"
      >
        Membership
      </h2>
      <p
        class="chakra-text css-ohbwvd"
      >
        Manage
      </p>
    </div>
    <p
      class="chakra-text css-71uet5"
    >
      You are currently offering.
    </p>
    <p
      class="chakra-text css-zvd5jj"
    >
      <span
        class="chakra-skeleton css-cdkrf0"
      >
        1
      </span>
       
      tier
    </p>
  </div>
</div>
`;
