// Jest Snapshot v1, https://goo.gl/fbAQLP

exports[`renders homepage unchanged 1`] = `
<div>
  <div
    athelelist="[object Object],[object Object],[object Object],[object Object]"
    class="css-0"
  >
    <h2
      class="chakra-heading css-e9d1fw"
    >
      No results.
    </h2>
  </div>
</div>
`;
