// Jest Snapshot v1, https://goo.gl/fbAQLP

exports[`renders homepage unchanged 1`] = `
<div>
  <div
    class="css-n01cp4"
  >
    <b
      class="chakra-text css-1vj13dc"
    />
    <div
      class="css-sg8179"
    >
      <a
        href="/fan/athlete-profile/1"
      >
        <div
          class="css-joud3n"
        >
          <img
            alt=""
            class="chakra-image css-w62gfb"
            src="undefined/https://img.freepik.com/free-vector/businessman-character-avatar-isolated_24877-60111.jpg?w=2000"
          />
          <div
            class="css-1de0wfg"
          >
            <p
              class="chakra-text css-klkhh2"
            />
            <p
              class="chakra-text css-1hjpc7i"
            />
            <div
              class="css-g74sjt"
            >
              <svg
                class="chakra-icon css-1c338ae"
                focusable="false"
                viewBox="0 0 18 18"
                xmlns="http://www.w3.org/2000/svg"
              >
                <path
                  d="M1.5 16.5V13.1667M1.5 13.1667V3.16667C1.5 2.24619 2.24619 1.5 3.16667 1.5H8.58333L9.41667 2.33333H16.5L14 7.33333L16.5 12.3333H9.41667L8.58333 11.5H3.16667C2.24619 11.5 1.5 12.2462 1.5 13.1667ZM9 1.91667V6.5"
                  stroke="currentColor"
                  stroke-linecap="round"
                  stroke-linejoin="round"
                  stroke-width="1.5"
                />
              </svg>
              <p
                class="chakra-text css-1dd06ix"
              >
                0
                 
                interactions
              </p>
              <p
                class="chakra-text css-ax9gf9"
              >
                0
                 
                fan
              </p>
            </div>
          </div>
        </div>
      </a>
      <a
        href="/fan/athlete-profile/2"
      >
        <div
          class="css-o8t75z"
        >
          <img
            alt=""
            class="chakra-image css-w62gfb"
            src="undefined/https://www.w3schools.com/howto/img_avatar2.png"
          />
          <div
            class="css-1de0wfg"
          >
            <p
              class="chakra-text css-klkhh2"
            />
            <p
              class="chakra-text css-1hjpc7i"
            />
            <div
              class="css-g74sjt"
            >
              <svg
                class="chakra-icon css-1c338ae"
                focusable="false"
                viewBox="0 0 18 18"
                xmlns="http://www.w3.org/2000/svg"
              >
                <path
                  d="M1.5 16.5V13.1667M1.5 13.1667V3.16667C1.5 2.24619 2.24619 1.5 3.16667 1.5H8.58333L9.41667 2.33333H16.5L14 7.33333L16.5 12.3333H9.41667L8.58333 11.5H3.16667C2.24619 11.5 1.5 12.2462 1.5 13.1667ZM9 1.91667V6.5"
                  stroke="currentColor"
                  stroke-linecap="round"
                  stroke-linejoin="round"
                  stroke-width="1.5"
                />
              </svg>
              <p
                class="chakra-text css-1dd06ix"
              >
                0
                 
                interactions
              </p>
              <p
                class="chakra-text css-ax9gf9"
              >
                0
                 
                fan
              </p>
            </div>
          </div>
        </div>
      </a>
    </div>
  </div>
</div>
`;
