// Jest Snapshot v1, https://goo.gl/fbAQLP

exports[`renders homepage unchanged 1`] = `
<div>
  <div
    class="css-1g2wpaw"
  >
    <div
      class="css-1kmmdcq"
    />
    <div
      class="chakra-container css-p5v03p"
    >
      <div
        class="css-1ispe57"
      >
        <div
          class="css-yvymdr"
        >
          <div
            class="css-1vizjqq"
          >
            <svg
              class="chakra-icon css-7gxh3u"
              focusable="false"
              viewBox="0 0 80 79"
              xmlns="http://www.w3.org/2000/svg"
            >
              <g
                clipPath="url(#clip0_5448_58644)"
              >
                <path
                  clip-rule="evenodd"
                  d="M40.0007 76.4089L39.6292 75.9135L1.11523 27.6163L10.527 11.2695H39.6292H40.3722H69.4744L78.8861 27.6163L40.3722 75.9135L40.0007 76.4089Z"
                  fill="#8FF7FE"
                  fill-rule="evenodd"
                />
                <path
                  d="M40.0007 76.4089L39.6292 75.9135L1.11523 27.6163L10.527 11.2695H39.6292H40.3722H69.4744L78.8861 27.6163L40.3722 75.9135L40.0007 76.4089Z"
                  stroke="black"
                  strokeMiterlimit="10"
                  strokeWidth="1.5"
                />
                <path
                  d="M40.0007 76.4089L39.6292 75.9135L1.11523 27.6163L10.527 11.2695H39.6292H40.3722H69.4744L78.8861 27.6163L40.3722 75.9135L40.0007 76.4089Z"
                  stroke="black"
                  strokeMiterlimit="10"
                  strokeWidth="1.5"
                />
                <path
                  d="M1.11523 27.6152H77.2762"
                  stroke="black"
                  strokeMiterlimit="10"
                  strokeWidth="1.5"
                />
                <path
                  d="M12.137 11.2695L23.9017 27.6163L39.6292 11.2695L54.4899 27.6163L69.4744 11.2695"
                  stroke="black"
                  strokeMiterlimit="10"
                  strokeWidth="1.5"
                />
                <path
                  d="M54.4895 27.6152L39.6288 75.9124L23.1582 27.6152"
                  stroke="black"
                  strokeMiterlimit="10"
                  strokeWidth="1.5"
                />
                <path
                  clip-rule="evenodd"
                  d="M63.7775 8.91569C64.3967 8.54418 66.2543 2.35223 67.6165 0.989997C68.3595 0.370802 68.8549 4.20981 69.3502 7.80114C69.5979 9.53489 69.5979 8.91569 72.3224 10.0302C73.5608 10.5256 78.2667 11.764 77.3998 12.7547C77.2759 12.8785 70.5886 14.1169 69.5979 15.2315C69.1026 15.7268 67.245 26.6247 65.6351 21.795C64.7682 19.3182 64.6444 16.0984 63.9013 14.86C63.406 13.9931 61.1769 14.2408 57.214 12.0117C56.0995 11.3925 56.0995 10.8971 56.7187 10.6494C58.2047 9.78257 63.7775 8.91569 63.7775 8.91569Z"
                  fill="white"
                  fill-rule="evenodd"
                />
                <path
                  d="M63.7775 8.91569C64.3967 8.54418 66.2543 2.35223 67.6165 0.989997C68.3595 0.370802 68.8549 4.20981 69.3502 7.80114C69.5979 9.53489 69.5979 8.91569 72.3224 10.0302C73.5608 10.5256 78.2667 11.764 77.3998 12.7547C77.2759 12.8785 70.5886 14.1169 69.5979 15.2315C69.1026 15.7268 67.245 26.6247 65.6351 21.795C64.7682 19.3182 64.6444 16.0984 63.9013 14.86C63.406 13.9931 61.1769 14.2408 57.214 12.0117C56.0995 11.3925 56.0995 10.8971 56.7187 10.6494C58.2047 9.78257 63.7775 8.91569 63.7775 8.91569Z"
                  stroke="black"
                  strokeMiterlimit="10"
                  strokeWidth="1.5"
                />
                <path
                  d="M63.7775 8.91569C64.3967 8.54418 66.2543 2.35223 67.6165 0.989997C68.3595 0.370802 68.8549 4.20981 69.3502 7.80114C69.5979 9.53489 69.5979 8.91569 72.3224 10.0302C73.5608 10.5256 78.2667 11.764 77.3998 12.7547C77.2759 12.8785 70.5886 14.1169 69.5979 15.2315C69.1026 15.7268 67.245 26.6247 65.6351 21.795C64.7682 19.3182 64.6444 16.0984 63.9013 14.86C63.406 13.9931 61.1769 14.2408 57.214 12.0117C56.0995 11.3925 56.0995 10.8971 56.7187 10.6494C58.2047 9.78257 63.7775 8.91569 63.7775 8.91569Z"
                  stroke="black"
                  strokeMiterlimit="10"
                  strokeWidth="1.5"
                />
              </g>
              <defs>
                <clippath
                  id="clip0_5448_58644"
                >
                  <rect
                    fill="white"
                    height="78.8855"
                    width="80"
                  />
                </clippath>
              </defs>
            </svg>
          </div>
        </div>
        <div
          class="css-14s5ckc"
        >
          <div
            class="css-1s2o82u"
          >
            <div
              class="css-1uoge8t"
            >
              <div
                class="css-ic5iib"
              >
                <div
                  class="css-1sl02us"
                >
                  Select Gender
                  <span
                    class="chakra-text css-1b8yx6g"
                  >
                     
                    *
                  </span>
                </div>
                <div
                  class="css-1omp9s3"
                >
                  <div
                    class="css-15s5pib"
                  >
                    <p
                      class="chakra-text css-1thwf74"
                    >
                      Male
                    </p>
                  </div>
                  <div
                    class="css-15s5pib"
                  >
                    <p
                      class="chakra-text css-1thwf74"
                    >
                      Female
                    </p>
                  </div>
                  <div
                    class="css-15s5pib"
                  >
                    <p
                      class="chakra-text css-1thwf74"
                    >
                      Other
                    </p>
                  </div>
                </div>
              </div>
              <div
                class="css-lrby83"
              >
                <button
                  class="chakra-button css-k6pd2s"
                  type="button"
                >
                  Proceed
                  <span
                    class="css-9n3bbc"
                  >
                    <svg
                      class="chakra-icon css-iz364c"
                      focusable="false"
                      viewBox="0 0 15 14"
                      xmlns="http://www.w3.org/2000/svg"
                    >
                      <path
                        d="M1.25 7L13.75 7M13.75 7L8.125 1.375M13.75 7L8.125 12.625"
                        stroke="#33EFEF"
                        stroke-linecap="round"
                        stroke-linejoin="round"
                        strokeWidth="1.5"
                      />
                    </svg>
                  </span>
                </button>
              </div>
            </div>
          </div>
          <button
            class="chakra-button css-1mv50kv"
            type="button"
          >
            Proceed
            <span
              class="css-9n3bbc"
            >
              <svg
                class="chakra-icon css-iz364c"
                focusable="false"
                viewBox="0 0 15 14"
                xmlns="http://www.w3.org/2000/svg"
              >
                <path
                  d="M1.25 7L13.75 7M13.75 7L8.125 1.375M13.75 7L8.125 12.625"
                  stroke="#33EFEF"
                  stroke-linecap="round"
                  stroke-linejoin="round"
                  strokeWidth="1.5"
                />
              </svg>
            </span>
          </button>
        </div>
      </div>
    </div>
  </div>
</div>
`;
