// Jest Snapshot v1, https://goo.gl/fbAQLP

exports[`renders Enter Post Content Story unchanged 1`] = `
<div>
  <div
    class="css-0"
  >
    <div
      class="css-9xb7j"
    >
      <h2
        class="chakra-heading css-1aqsriz"
      >
        Schedule
      </h2>
      <label
        class="chakra-switch css-16pgy8f"
        data-checked=""
      >
        <input
          aria-disabled="false"
          checked=""
          class="chakra-switch__input"
          style="border: 0px; clip: rect(0px, 0px, 0px, 0px); height: 1px; width: 1px; margin: -1px; padding: 0px; overflow: hidden; white-space: nowrap; position: absolute;"
          type="checkbox"
          value=""
        />
        <span
          aria-hidden="true"
          class="chakra-switch__track css-14qxnv8"
          data-checked=""
        >
          <span
            class="chakra-switch__thumb css-0"
            data-checked=""
          />
        </span>
      </label>
    </div>
    <div
      class="css-0"
    >
      <p
        class="chakra-text css-1t0599f"
      >
        This interaction will be post on:
      </p>
      <div
        class="css-1htinif"
      >
        <div
          class="css-19io1or"
        >
          <div
            class="css-17eahu8"
          >
            <div
              class=" css-n9lnso-SelectContainer"
            >
              <span
                class="css-1f43avz-a11yText-A11yText"
                id="react-select-:r0:-live-region"
              />
              <span
                aria-atomic="false"
                aria-live="polite"
                aria-relevant="additions text"
                class="css-1f43avz-a11yText-A11yText"
              />
              <div
                class=" css-1xuao1n-control"
              >
                <div
                  class=" css-15ki4p9-ValueContainer"
                >
                  <div
                    class="css-xxdqwu"
                  >
                    <div
                      class="css-1gmy4hn"
                    >
                      11
                    </div>
                    <div
                      class=" css-1fs6gt4-Input"
                      data-value=""
                    >
                      <input
                        aria-autocomplete="list"
                        aria-expanded="false"
                        aria-haspopup="true"
                        autocapitalize="none"
                        autocomplete="off"
                        autocorrect="off"
                        class=""
                        id="react-select-:r0:-input"
                        role="combobox"
                        spellcheck="false"
                        style="opacity: 1; width: 100%; grid-area: 1 / 2; min-width: 2px; border: 0px; margin: 0px; outline: 0; padding: 0px;"
                        tabindex="0"
                        type="text"
                        value=""
                      />
                    </div>
                  </div>
                </div>
                <div
                  class=" css-1hb7zxy-IndicatorsContainer"
                >
                  <span
                    class=" css-1xjgjl1-IndicatorSeparator"
                  />
                  <svg
                    class="chakra-icon css-h50qoc"
                    focusable="false"
                    viewBox="0 0 20 20"
                    xmlns="http://www.w3.org/2000/svg"
                  >
                    <path
                      d="M16.25 6.875L10 13.125L3.75 6.875"
                      stroke="currentColor"
                      strokeLinecap="round"
                      strokeLinejoin="round"
                      strokeWidth="1.5"
                    />
                  </svg>
                </div>
              </div>
            </div>
          </div>
          <div
            class="css-17eahu8"
          >
            <div
              class=" css-n9lnso-SelectContainer"
            >
              <span
                class="css-1f43avz-a11yText-A11yText"
                id="react-select-:r1:-live-region"
              />
              <span
                aria-atomic="false"
                aria-live="polite"
                aria-relevant="additions text"
                class="css-1f43avz-a11yText-A11yText"
              />
              <div
                class=" css-1xuao1n-control"
              >
                <div
                  class=" css-15ki4p9-ValueContainer"
                >
                  <div
                    class="css-xxdqwu"
                  >
                    <div
                      class="css-1gmy4hn"
                    >
                      Nov
                    </div>
                    <div
                      class=" css-1fs6gt4-Input"
                      data-value=""
                    >
                      <input
                        aria-autocomplete="list"
                        aria-expanded="false"
                        aria-haspopup="true"
                        autocapitalize="none"
                        autocomplete="off"
                        autocorrect="off"
                        class=""
                        id="react-select-:r1:-input"
                        role="combobox"
                        spellcheck="false"
                        style="opacity: 1; width: 100%; grid-area: 1 / 2; min-width: 2px; border: 0px; margin: 0px; outline: 0; padding: 0px;"
                        tabindex="0"
                        type="text"
                        value=""
                      />
                    </div>
                  </div>
                </div>
                <div
                  class=" css-1hb7zxy-IndicatorsContainer"
                >
                  <span
                    class=" css-1xjgjl1-IndicatorSeparator"
                  />
                  <svg
                    class="chakra-icon css-h50qoc"
                    focusable="false"
                    viewBox="0 0 20 20"
                    xmlns="http://www.w3.org/2000/svg"
                  >
                    <path
                      d="M16.25 6.875L10 13.125L3.75 6.875"
                      stroke="currentColor"
                      strokeLinecap="round"
                      strokeLinejoin="round"
                      strokeWidth="1.5"
                    />
                  </svg>
                </div>
              </div>
            </div>
          </div>
          <div
            class="css-17eahu8"
          >
            <div
              class=" css-n9lnso-SelectContainer"
            >
              <span
                class="css-1f43avz-a11yText-A11yText"
                id="react-select-:r2:-live-region"
              />
              <span
                aria-atomic="false"
                aria-live="polite"
                aria-relevant="additions text"
                class="css-1f43avz-a11yText-A11yText"
              />
              <div
                class=" css-1xuao1n-control"
              >
                <div
                  class=" css-15ki4p9-ValueContainer"
                >
                  <div
                    class="css-xxdqwu"
                  >
                    <div
                      class="css-1gmy4hn"
                    >
                      2023
                    </div>
                    <div
                      class=" css-1fs6gt4-Input"
                      data-value=""
                    >
                      <input
                        aria-autocomplete="list"
                        aria-expanded="false"
                        aria-haspopup="true"
                        autocapitalize="none"
                        autocomplete="off"
                        autocorrect="off"
                        class=""
                        id="react-select-:r2:-input"
                        role="combobox"
                        spellcheck="false"
                        style="opacity: 1; width: 100%; grid-area: 1 / 2; min-width: 2px; border: 0px; margin: 0px; outline: 0; padding: 0px;"
                        tabindex="0"
                        type="text"
                        value=""
                      />
                    </div>
                  </div>
                </div>
                <div
                  class=" css-1hb7zxy-IndicatorsContainer"
                >
                  <span
                    class=" css-1xjgjl1-IndicatorSeparator"
                  />
                  <svg
                    class="chakra-icon css-h50qoc"
                    focusable="false"
                    viewBox="0 0 20 20"
                    xmlns="http://www.w3.org/2000/svg"
                  >
                    <path
                      d="M16.25 6.875L10 13.125L3.75 6.875"
                      stroke="currentColor"
                      strokeLinecap="round"
                      strokeLinejoin="round"
                      strokeWidth="1.5"
                    />
                  </svg>
                </div>
              </div>
            </div>
          </div>
        </div>
      </div>
      <div
        class="chakra-input__group css-1a01b3p"
      >
        <input
          class="chakra-input clockIcon css-1alo1u"
          type="time"
          value="12:12"
        />
        <svg
          class="chakra-icon css-r8us5s"
          focusable="false"
          viewBox="0 0 24 24"
          xmlns="http://www.w3.org/2000/svg"
        >
          <path
            d="M12 16L12 12L9 9M3 12C3 7.02944 7.02944 3 12 3C16.9706 3 21 7.02944 21 12C21 16.9706 16.9706 21 12 21C7.02944 21 3 16.9706 3 12Z"
            stroke="#1E16C1"
            strokeLinecap="round"
            strokeLinejoin="round"
            strokeWidth="1.5"
          />
        </svg>
      </div>
      <p
        class="chakra-text css-uozki8"
      >
        *Time is in your local timezone.
      </p>
    </div>
  </div>
</div>
`;
