// Jest Snapshot v1, https://goo.gl/fbAQLP

exports[`renders homepage unchanged 1`] = `
<div>
   
  <div
    class="css-16tif5l"
  >
    <div
      class="chakra-container css-10klw3m"
    >
      <div
        class="css-12ij4x2"
      />
      <div
        class="css-8qr4sb"
      >
        <div
          class="css-tayfq6"
        >
          <div
            class="css-6ywt87"
          >
            <svg
              fill="none"
              height="150"
              viewBox="0 0 151 150"
              width="151"
              xmlns="http://www.w3.org/2000/svg"
            >
              <circle
                cx="75.5"
                cy="75"
                fill="white"
                r="74.5"
                stroke="#DDDDDD"
              />
              <g
                clip-path="url(#clip0_1786_20114)"
              >
                <path
                  d="M70.5004 109.4C70.5004 109.4 69.1004 113.3 67.9004 113.6C66.7004 113.9 64.4004 109.6 64.4004 109.6L70.5004 109.4Z"
                  fill="#A4C3DD"
                />
                <path
                  d="M70.5004 109.4C70.5004 109.4 69.1004 113.3 67.9004 113.6C66.7004 113.9 64.4004 109.6 64.4004 109.6L70.5004 109.4Z"
                  stroke="black"
                  stroke-miterlimit="10"
                  stroke-width="1.5"
                />
                <path
                  d="M70.2012 115.6C69.9012 117.8 68.1012 119.3 66.2012 119.1C64.2012 118.9 62.9012 116.9 63.2012 114.7C63.5012 112.5 65.3012 111 67.2012 111.2C69.1012 111.4 70.5012 113.4 70.2012 115.6Z"
                  fill="#F05253"
                />
                <path
                  d="M70.2012 115.6C69.9012 117.8 68.1012 119.3 66.2012 119.1C64.2012 118.9 62.9012 116.9 63.2012 114.7C63.5012 112.5 65.3012 111 67.2012 111.2C69.1012 111.4 70.5012 113.4 70.2012 115.6Z"
                  stroke="black"
                  stroke-miterlimit="10"
                  stroke-width="1.5"
                />
                <path
                  d="M67.601 115.2C67.501 115.8 67.001 116.2 66.501 116.1C66.001 116 65.601 115.5 65.701 114.9C65.801 114.3 66.301 113.9 66.801 114C67.401 114.1 67.701 114.7 67.601 115.2Z"
                  fill="#A4C3DD"
                />
                <path
                  d="M67.601 115.2C67.501 115.8 67.001 116.2 66.501 116.1C66.001 116 65.601 115.5 65.701 114.9C65.801 114.3 66.301 113.9 66.801 114C67.401 114.1 67.701 114.7 67.601 115.2Z"
                  stroke="black"
                  stroke-miterlimit="10"
                  stroke-width="1.5"
                />
                <path
                  d="M97.8012 109.4C97.8012 109.4 96.4012 113.3 95.2012 113.6C94.0012 113.9 91.7012 109.6 91.7012 109.6L97.8012 109.4Z"
                  fill="#A4C3DD"
                />
                <path
                  d="M97.8012 109.4C97.8012 109.4 96.4012 113.3 95.2012 113.6C94.0012 113.9 91.7012 109.6 91.7012 109.6L97.8012 109.4Z"
                  stroke="black"
                  stroke-miterlimit="10"
                  stroke-width="1.5"
                />
                <path
                  d="M97.6016 115.6C97.3016 117.8 95.5016 119.3 93.6016 119.1C91.6016 118.9 90.3016 116.9 90.6016 114.7C90.9016 112.5 92.7016 111 94.6016 111.2C96.5016 111.4 97.8016 113.4 97.6016 115.6Z"
                  fill="#F05253"
                />
                <path
                  d="M97.6016 115.6C97.3016 117.8 95.5016 119.3 93.6016 119.1C91.6016 118.9 90.3016 116.9 90.6016 114.7C90.9016 112.5 92.7016 111 94.6016 111.2C96.5016 111.4 97.8016 113.4 97.6016 115.6Z"
                  stroke="black"
                  stroke-miterlimit="10"
                  stroke-width="1.5"
                />
                <path
                  d="M95.0014 115.2C94.9014 115.8 94.4014 116.2 93.9014 116.1C93.4014 116 93.0014 115.5 93.1014 114.9C93.2014 114.3 93.7014 113.9 94.2014 114C94.7014 114.1 95.0014 114.7 95.0014 115.2Z"
                  fill="#8BC8D7"
                />
                <path
                  d="M95.0014 115.2C94.9014 115.8 94.4014 116.2 93.9014 116.1C93.4014 116 93.0014 115.5 93.1014 114.9C93.2014 114.3 93.7014 113.9 94.2014 114C94.7014 114.1 95.0014 114.7 95.0014 115.2Z"
                  stroke="black"
                  stroke-miterlimit="10"
                  stroke-width="1.5"
                />
                <path
                  d="M87.5007 83.7C87.9007 86.7 89.4007 92.6 93.5007 103.2C95.2007 107.6 87.9007 110.4 84.5007 107.6C78.3007 102.6 76.1007 88.6 75.9007 87.6C69.6007 95.2 57.4007 96.9 55.1007 91.4C53.0007 86.3 58.5007 83.3 58.5007 83.3C61.6007 82.7 63.6007 82.1 64.8007 80.4C68.6007 74.9 64.2007 65.2 64.2007 65.2H64.0007C60.9007 67.7 54.4007 71 50.1007 68.8C45.4007 66.5 47.3007 60.4 50.5007 59C55.8007 56.7 58.9007 54.7 60.6007 53.2L57.5007 40.4L94.3007 30C94.3007 30 101.701 64.7 103.201 73.4C104.901 83.1 97.1007 81.3 97.1007 81.3C96.8007 85.3 89.4007 86.3 88.0007 83.6L87.5007 83.7Z"
                  fill="#FAC484"
                />
                <path
                  d="M58.2012 107C58.2012 107 61.3012 109.3 62.1012 109.4"
                  stroke="black"
                  stroke-miterlimit="10"
                  stroke-width="1.5"
                />
                <path
                  d="M102.2 106.9C102.2 106.9 99.1004 109.3 98.3004 109.3C94.3004 109.3 62.4004 109.4 62.4004 109.4"
                  stroke="black"
                  stroke-miterlimit="10"
                  stroke-width="1.5"
                />
                <path
                  d="M62.1005 51.3999C52.9005 58.8999 51.2005 57.1999 48.7005 61.3999C46.4005 64.9999 48.6005 68.4999 51.5005 68.9999C59.3005 70.4999 68.6005 61.6999 68.6005 61.6999"
                  stroke="black"
                  stroke-miterlimit="10"
                  stroke-width="1.5"
                />
                <path
                  d="M78.2 84.4C74.7 90.6 70.6 94.5 60 94.3C53.4 94.1 52.8 83.4 61.1 82.6C63.8 82.3 67.2 81.1 66.7 74"
                  stroke="black"
                  stroke-miterlimit="10"
                  stroke-width="1.5"
                />
                <path
                  d="M75.5 88.4C75.5 88.4 79 108.1 87 108.8C93.5 109.3 93.4 105.9 93.4 104.6C93.4 100.6 87.6 90 88 81.5"
                  stroke="black"
                  stroke-miterlimit="10"
                  stroke-width="1.5"
                />
                <path
                  d="M88.2012 84.1999C88.2012 84.1999 95.0012 86.3999 98.0012 80.8999C98.0012 80.8999 104.101 81.0999 103.101 74.3999"
                  stroke="black"
                  stroke-miterlimit="10"
                  stroke-width="1.5"
                />
              </g>
              <defs>
                <clippath
                  id="clip0_1786_20114"
                >
                  <rect
                    fill="white"
                    height="89.8"
                    transform="translate(47 30)"
                    width="57"
                  />
                </clippath>
              </defs>
            </svg>
          </div>
          <div
            class="css-yzqqny"
          >
            <div
              class="css-0"
            >
              <div
                class="css-1tilclj"
              >
                <div
                  class="css-78ozrq"
                >
                  <div
                    class="css-xm5dwd"
                  >
                    Select Your Interested Sport(s)
                  </div>
                </div>
                <div
                  class="css-i80ywv"
                >
                  <div
                    class="css-s2ct51"
                  >
                    <div
                      class=" css-n9lnso-SelectContainer"
                    >
                      <span
                        class="css-1f43avz-a11yText-A11yText"
                        id="react-select-:r0:-live-region"
                      />
                      <span
                        aria-atomic="false"
                        aria-live="polite"
                        aria-relevant="additions text"
                        class="css-1f43avz-a11yText-A11yText"
                      />
                      <div
                        class=" css-6o1t9b-control"
                      >
                        <div
                          class=" css-15ki4p9-ValueContainer"
                        >
                          <div
                            class="css-xxdqwu"
                          >
                            <div
                              class="css-1yks822"
                            >
                              Sport(s)
                            </div>
                            <div
                              class=" css-119wo5m-Input"
                              data-value=""
                            >
                              <input
                                aria-autocomplete="list"
                                aria-describedby="react-select-:r0:-placeholder"
                                aria-expanded="false"
                                aria-haspopup="true"
                                autocapitalize="none"
                                autocomplete="off"
                                autocorrect="off"
                                class=""
                                id="react-select-:r0:-input"
                                role="combobox"
                                spellcheck="false"
                                style="opacity: 1; width: 100%; grid-area: 1 / 2; min-width: 2px; border: 0px; margin: 0px; outline: 0; padding: 0px;"
                                tabindex="0"
                                type="text"
                                value=""
                              />
                            </div>
                          </div>
                        </div>
                        <div
                          class=" css-1hb7zxy-IndicatorsContainer"
                        >
                          <span
                            class=" css-1xjgjl1-IndicatorSeparator"
                          />
                          <svg
                            class="chakra-icon css-fgc0y"
                            focusable="false"
                            viewBox="0 0 20 20"
                            xmlns="http://www.w3.org/2000/svg"
                          >
                            <path
                              d="M16.25 6.875L10 13.125L3.75 6.875"
                              stroke="currentColor"
                              stroke-linecap="round"
                              stroke-linejoin="round"
                              stroke-width="1.5"
                            />
                          </svg>
                        </div>
                      </div>
                    </div>
                  </div>
                </div>
              </div>
              <div
                class="css-lrby83"
              >
                <button
                  class="chakra-button css-k6pd2s"
                  type="button"
                >
                  Submit
                  <span
                    class="css-9n3bbc"
                  />
                </button>
              </div>
            </div>
          </div>
          <button
            class="chakra-button css-1mv50kv"
            type="button"
          >
            Submit
            <span
              class="css-9n3bbc"
            />
          </button>
        </div>
      </div>
      <p
        class="chakra-text css-1n4wwj3"
      />
    </div>
  </div>
</div>
`;
