// Jest Snapshot v1, https://goo.gl/fbAQLP

exports[`renders add tag unchanged 1`] = `
<div>
  <div
    class="css-1jvt6v8"
  >
    <div
      class="css-1kmmdcq"
    >
      Page information
    </div>
    <div
      class="chakra-container css-17f3xev"
    >
      <div
        class="css-1iltqwc"
      >
        <div
          class="css-14s5ckc"
        >
          <div
            class="css-1s2o82u"
          >
            <div
              class="css-5k9psj"
            >
              <div
                class="css-11pajvj"
              >
                <p
                  class="chakra-text css-12j3vcb"
                >
                  Add Tag(s)
                </p>
                <p
                  class="chakra-text css-1suvgez"
                >
                  Help people find you easier by adding keywords related to you and your content. Tags will not be visible to fans on your profile page. Separate tags by comma.
                </p>
                <p
                  class="chakra-text css-sphssm"
                >
                  Ideas for you: #sport, #athlete,...
                </p>
                <input
                  class="chakra-input css-1dhk8tj"
                  placeholder="Add Tags"
                  value=""
                />
                <div
                  class="css-2imjyh"
                />
              </div>
              <div
                class="css-lrby83"
              >
                <button
                  class="chakra-button css-k6pd2s"
                  type="button"
                >
                  SUBMIT
                  <span
                    class="css-9n3bbc"
                  />
                </button>
              </div>
            </div>
          </div>
          <button
            class="chakra-button css-1mv50kv"
            type="button"
          >
            SUBMIT
            <span
              class="css-9n3bbc"
            />
          </button>
        </div>
      </div>
    </div>
  </div>
</div>
`;
