// Jest Snapshot v1, https://goo.gl/fbAQLP

exports[`renders homepage unchanged 1`] = `
<div>
  <div
    class="css-1phj8b3"
    payment="$5.00"
  >
    <h2
      class="chakra-heading css-1b14zuk"
    >
      Order Summary
    </h2>
    <div
      class="css-1a10ayj"
    >
      <img
        alt="image"
        class="chakra-image__placeholder css-ox22yn"
        src="https://via.placeholder.com/50"
      />
      <div
        class="css-9knh52"
      >
        <span
          class="chakra-heading css-sde7o1"
        >
          Matt Prior
        </span>
        <p
          class="chakra-text css-1mqqk5k"
        >
          Bronze tier
        </p>
      </div>
      <div
        class="css-17xejub"
      />
      <p
        class="chakra-text css-1rxz9h8"
      />
    </div>
    <div
      class="css-1q92iv2"
    >
      <p
        class="chakra-text css-16579vr"
      >
        Monthly payment
      </p>
      <div
        class="css-17xejub"
      />
      <p
        class="chakra-text css-fzquwf"
      />
    </div>
    <div
      class="css-hycr7j"
    >
      <p
        class="chakra-text css-0"
      >
        Today Charge
      </p>
      <div
        class="css-17xejub"
      />
      <p
        class="chakra-text css-1rxz9h8"
      />
    </div>
    <p
      class="chakra-text css-uuqzzv"
    >
      Renews automatically on 
      22 Jan 2023
    </p>
    <div
      class="css-h0tbgs"
    >
      <span
        class="chakra-text css-0"
      >
        By clicking subscribe now, you agree to our 
      </span>
      <a
        href="undefined/term-of-service"
        target="_blank"
      >
        <span
          class="chakra-text css-18noweo"
        >
          Terms of User
        </span>
      </a>
      <span
        class="chakra-text css-0"
      >
         and 
      </span>
      <a
        href="undefined/privacy-policy"
        target="_blank"
      >
        <span
          class="chakra-text css-18noweo"
        >
          Privacy Policy
        </span>
      </a>
      <span
        class="chakra-text css-0"
      >
        , and that this subscription automatically renews monthly. You'll be notified in advance if the monthly mount increases. Cancel anytime in your
         
      </span>
      <a
        href="/fan/active-subscriptions"
        target="_blank"
      >
        <span
          class="chakra-text css-18noweo"
        >
          membership settings
        </span>
      </a>
      .
    </div>
  </div>
</div>
`;
