// Jest Snapshot v1, https://goo.gl/fbAQLP

exports[`renders Date Select unchanged 1`] = `
<div>
  <div
    class="css-s2ct51"
  >
    <div
      class=" css-n9lnso-SelectContainer"
    >
      <span
        class="css-1f43avz-a11yText-A11yText"
        id="react-select-:r0:-live-region"
      />
      <span
        aria-atomic="false"
        aria-live="polite"
        aria-relevant="additions text"
        class="css-1f43avz-a11yText-A11yText"
      />
      <div
        class=" css-6o1t9b-control"
      >
        <div
          class=" css-15ki4p9-ValueContainer"
        >
          <div
            class="css-xxdqwu"
          >
            <div
              class="css-138yobv"
            >
              DD
            </div>
            <div
              class=" css-1fs6gt4-Input"
              data-value=""
            >
              <input
                aria-autocomplete="list"
                aria-describedby="react-select-:r0:-placeholder"
                aria-expanded="false"
                aria-haspopup="true"
                autocapitalize="none"
                autocomplete="off"
                autocorrect="off"
                class=""
                id="react-select-:r0:-input"
                role="combobox"
                spellcheck="false"
                style="opacity: 1; width: 100%; grid-area: 1 / 2; min-width: 2px; border: 0px; margin: 0px; outline: 0; padding: 0px;"
                tabindex="0"
                type="text"
                value=""
              />
            </div>
          </div>
        </div>
        <div
          class=" css-1hb7zxy-IndicatorsContainer"
        >
          <span
            class=" css-1xjgjl1-IndicatorSeparator"
          />
          <svg
            class="chakra-icon css-h50qoc"
            focusable="false"
            viewBox="0 0 20 20"
            xmlns="http://www.w3.org/2000/svg"
          >
            <path
              d="M16.25 6.875L10 13.125L3.75 6.875"
              stroke="currentColor"
              strokeLinecap="round"
              strokeLinejoin="round"
              strokeWidth="1.5"
            />
          </svg>
        </div>
      </div>
    </div>
  </div>
  <div
    class="css-s2ct51"
  >
    <div
      class=" css-n9lnso-SelectContainer"
    >
      <span
        class="css-1f43avz-a11yText-A11yText"
        id="react-select-:r1:-live-region"
      />
      <span
        aria-atomic="false"
        aria-live="polite"
        aria-relevant="additions text"
        class="css-1f43avz-a11yText-A11yText"
      />
      <div
        class=" css-6o1t9b-control"
      >
        <div
          class=" css-15ki4p9-ValueContainer"
        >
          <div
            class="css-xxdqwu"
          >
            <div
              class="css-138yobv"
            >
              MM
            </div>
            <div
              class=" css-1fs6gt4-Input"
              data-value=""
            >
              <input
                aria-autocomplete="list"
                aria-describedby="react-select-:r1:-placeholder"
                aria-expanded="false"
                aria-haspopup="true"
                autocapitalize="none"
                autocomplete="off"
                autocorrect="off"
                class=""
                id="react-select-:r1:-input"
                role="combobox"
                spellcheck="false"
                style="opacity: 1; width: 100%; grid-area: 1 / 2; min-width: 2px; border: 0px; margin: 0px; outline: 0; padding: 0px;"
                tabindex="0"
                type="text"
                value=""
              />
            </div>
          </div>
        </div>
        <div
          class=" css-1hb7zxy-IndicatorsContainer"
        >
          <span
            class=" css-1xjgjl1-IndicatorSeparator"
          />
          <svg
            class="chakra-icon css-h50qoc"
            focusable="false"
            viewBox="0 0 20 20"
            xmlns="http://www.w3.org/2000/svg"
          >
            <path
              d="M16.25 6.875L10 13.125L3.75 6.875"
              stroke="currentColor"
              strokeLinecap="round"
              strokeLinejoin="round"
              strokeWidth="1.5"
            />
          </svg>
        </div>
      </div>
    </div>
  </div>
  <div
    class="css-s2ct51"
  >
    <div
      class=" css-n9lnso-SelectContainer"
    >
      <span
        class="css-1f43avz-a11yText-A11yText"
        id="react-select-:r2:-live-region"
      />
      <span
        aria-atomic="false"
        aria-live="polite"
        aria-relevant="additions text"
        class="css-1f43avz-a11yText-A11yText"
      />
      <div
        class=" css-6o1t9b-control"
      >
        <div
          class=" css-15ki4p9-ValueContainer"
        >
          <div
            class="css-xxdqwu"
          >
            <div
              class="css-138yobv"
            >
              YYYY
            </div>
            <div
              class=" css-1fs6gt4-Input"
              data-value=""
            >
              <input
                aria-autocomplete="list"
                aria-describedby="react-select-:r2:-placeholder"
                aria-expanded="false"
                aria-haspopup="true"
                autocapitalize="none"
                autocomplete="off"
                autocorrect="off"
                class=""
                id="react-select-:r2:-input"
                role="combobox"
                spellcheck="false"
                style="opacity: 1; width: 100%; grid-area: 1 / 2; min-width: 2px; border: 0px; margin: 0px; outline: 0; padding: 0px;"
                tabindex="0"
                type="text"
                value=""
              />
            </div>
          </div>
        </div>
        <div
          class=" css-1hb7zxy-IndicatorsContainer"
        >
          <span
            class=" css-1xjgjl1-IndicatorSeparator"
          />
          <svg
            class="chakra-icon css-h50qoc"
            focusable="false"
            viewBox="0 0 20 20"
            xmlns="http://www.w3.org/2000/svg"
          >
            <path
              d="M16.25 6.875L10 13.125L3.75 6.875"
              stroke="currentColor"
              strokeLinecap="round"
              strokeLinejoin="round"
              strokeWidth="1.5"
            />
          </svg>
        </div>
      </div>
    </div>
  </div>
</div>
`;
