// Jest Snapshot v1, https://goo.gl/fbAQLP

exports[`renders homepage unchanged 1`] = `
<div>
  <div
    class="css-zz5wp1"
  >
    <div
      class="css-1g8nqq6"
    >
      <h2
        class="chakra-heading css-1bdlfcy"
      >
        Notifications
      </h2>
      <p
        class="chakra-text css-5tq913"
      >
        Mark all as read
      </p>
    </div>
    <div
      class="css-1gjqjvz"
    />
  </div>
</div>
`;
