// Jest Snapshot v1, https://goo.gl/fbAQLP

exports[`renders homepage unchanged 1`] = `
<div>
  <div
    class="css-1m1yvh9"
  >
    <div
      class="css-soukc5"
    >
      <svg
        class="chakra-icon css-1vmpetx"
        focusable="false"
        viewBox="0 0 32 32"
        xmlns="http://www.w3.org/2000/svg"
      >
        <path
          d="M26 16L6 16M6 16L15 7M6 16L15 25"
          stroke="#1E16C1"
          stroke-linecap="round"
          stroke-linejoin="round"
          strokeWidth="2"
        />
      </svg>
      <span
        class="chakra-text css-141yne6"
      >
        Payment Information
      </span>
    </div>
    <p
      class="chakra-text css-f4ncpt"
    >
      Payment Method
    </p>
    <div
      class="css-13rbvqk"
    >
      <button
        class="chakra-button css-1ofr8m2"
        type="button"
      >
        Update payment method
      </button>
    </div>
  </div>
</div>
`;
