// Jest Snapshot v1, https://goo.gl/fbAQLP

exports[`renders homepage unchanged 1`] = `
<div>
  <div
    class="css-17xqm9q"
  >
    <p
      class="chakra-text css-1n1nz9u"
    >
      Bronze
    </p>
    <p
      class="chakra-text css-1nxhvdu"
    >
      $
      /month · 
      0
       fan
    </p>
    <div
      class="css-kbn7if"
    >
      <p
        class="chakra-text css-jyh61a"
      >
        Benefit
      </p>
    </div>
  </div>
</div>
`;
