// Jest Snapshot v1, https://goo.gl/fbAQLP

exports[`renders homepage unchanged 1`] = `
<div>
  <div
    class="css-1vl0c7b"
  >
    <div
      class="css-70qvj9"
    >
      <li
        class="chakra-wrap__listitem css-1yp4ln"
      >
        <span
          class="chakra-avatar css-1ra8epo"
        >
          <svg
            aria-label=" avatar"
            class="chakra-avatar__svg css-16ite8i"
            role="img"
            viewBox="0 0 128 128"
          >
            <path
              d="M103,102.1388 C93.094,111.92 79.3504,118 64.1638,118 C48.8056,118 34.9294,111.768 25,101.7892 L25,95.2 C25,86.8096 31.981,80 40.6,80 L87.4,80 C96.019,80 103,86.8096 103,95.2 L103,102.1388 Z"
              fill="currentColor"
            />
            <path
              d="M63.9961647,24 C51.2938136,24 41,34.2938136 41,46.9961647 C41,59.7061864 51.2938136,70 63.9961647,70 C76.6985159,70 87,59.7061864 87,46.9961647 C87,34.2938136 76.6985159,24 63.9961647,24"
              fill="currentColor"
            />
          </svg>
        </span>
      </li>
      <div
        class="css-131wcsq"
      >
        <h2
          class="chakra-heading css-2t2s4a"
        />
        <span
          class="chakra-text css-1h4wf4v"
        >
          Bronze Tier Subscribed.
        </span>
        <div
          class="css-14ps5fr"
        >
          <svg
            class="chakra-icon css-1qfkg6w"
            focusable="false"
            viewBox="0 0 17 17"
            xmlns="http://www.w3.org/2000/svg"
          >
            <path
              d="M8 5.83333V8.5L10 10.5M14 8.5C14 11.8137 11.3137 14.5 8 14.5C4.68629 14.5 2 11.8137 2 8.5C2 5.18629 4.68629 2.5 8 2.5C11.3137 2.5 14 5.18629 14 8.5Z"
              stroke="currentColor"
              stroke-linecap="round"
              stroke-linejoin="round"
            />
          </svg>
          <p
            class="chakra-text css-125bvfe"
          >
            Joined: 
            Feb 2023
          </p>
        </div>
      </div>
    </div>
  </div>
</div>
`;
