// Jest Snapshot v1, https://goo.gl/fbAQLP

exports[`renders homepage unchanged 1`] = `
<div>
  <div
    class="css-1vl0c7b"
  >
    <div
      class="css-70qvj9"
    >
      <li
        class="chakra-wrap__listitem css-1yp4ln"
      >
        <img
          alt="user-avatar"
          class="chakra-image__placeholder css-46n8jl"
          src="https://via.placeholder.com/50"
        />
      </li>
      <div
        class="css-131wcsq"
      >
        <h2
          class="chakra-heading css-2t2s4a"
        />
        <span
          class="chakra-text css-1h4wf4v"
        >
          Bronze Tier
        </span>
        <div
          class="css-14ps5fr"
        >
          <svg
            class="chakra-icon css-1qfkg6w"
            focusable="false"
            viewBox="0 0 17 17"
            xmlns="http://www.w3.org/2000/svg"
          >
            <path
              d="M8 5.83333V8.5L10 10.5M14 8.5C14 11.8137 11.3137 14.5 8 14.5C4.68629 14.5 2 11.8137 2 8.5C2 5.18629 4.68629 2.5 8 2.5C11.3137 2.5 14 5.18629 14 8.5Z"
              stroke="currentColor"
              stroke-linecap="round"
              stroke-linejoin="round"
            />
          </svg>
          <p
            class="chakra-text css-125bvfe"
          >
            Joined: 
            Mar 2023
          </p>
        </div>
      </div>
    </div>
  </div>
</div>
`;
