// Jest Snapshot v1, https://goo.gl/fbAQLP

exports[`renders homepage unchanged 1`] = `
<div>
  <div
    class="css-113sr0y"
  >
    <div
      class="css-70qvj9"
    >
      <li
        class="chakra-wrap__listitem css-1yp4ln"
      >
        <img
          alt="user-avatar"
          class="chakra-image css-46n8jl"
          src="undefined/https://cdn.iconscout.com/icon/free/png-256/avatar-370-456322.png"
        />
      </li>
      <div
        class="css-131wcsq"
      >
        <h2
          class="chakra-heading css-1yxrq05"
        />
        <span
          class="chakra-text css-1h4wf4v"
        >
          Bronze Tier
        </span>
        <div
          class="css-14ps5fr"
        >
          <svg
            class="chakra-icon css-gbbj4a"
            focusable="false"
            viewBox="0 0 24 24"
            xmlns="http://www.w3.org/2000/svg"
          >
            <path
              d="M12 16L12 12L9 9M3 12C3 7.02944 7.02944 3 12 3C16.9706 3 21 7.02944 21 12C21 16.9706 16.9706 21 12 21C7.02944 21 3 16.9706 3 12Z"
              stroke="#1E16C1"
              stroke-linecap="round"
              stroke-linejoin="round"
              strokeWidth="1.5"
            />
          </svg>
          <p
            class="chakra-text css-nsos6q"
          >
            Joined: 
            Mar 2023
          </p>
        </div>
      </div>
    </div>
  </div>
</div>
`;
