// Jest Snapshot v1, https://goo.gl/fbAQLP

exports[`renders homepage unchanged 1`] = `
<div>
  <div
    class="css-0"
  >
    <h2
      class="chakra-heading css-12xjuw9"
    >
      Today
    </h2>
    <div
      class="css-r12esa"
    >
      <a
        href="/fan/athlete-profile/48/interaction?view=70"
      >
        <div
          class="css-0"
        >
          <div
            class="css-xcz3ls"
          >
            <img
              alt="avatar"
              class="chakra-image__placeholder css-1fr13bp"
              src="https://via.placeholder.com/50"
            />
            <div
              class="css-10t7lev"
            >
              <span
                class="chakra-heading css-gjq7fp"
              >
                Sam Smith
              </span>
              <span
                class="chakra-text css-1hg9omi"
              >
                 has made a new interaction.
              </span>
              <p
                class="chakra-text css-8w4xdt"
              >
                2w ago
              </p>
            </div>
          </div>
        </div>
      </a>
      <a
        href="/fan/athlete-profile/4/interaction?view=35"
      >
        <div
          class="css-0"
        >
          <div
            class="css-xcz3ls"
          >
            <img
              alt="avatar"
              class="chakra-image__placeholder css-1fr13bp"
              src="https://via.placeholder.com/50"
            />
            <div
              class="css-10t7lev"
            >
              <span
                class="chakra-heading css-gjq7fp"
              >
                Sam Smith
              </span>
              <span
                class="chakra-text css-1hg9omi"
              >
                 has made a new interaction.
              </span>
              <p
                class="chakra-text css-8w4xdt"
              >
                2w ago
              </p>
            </div>
          </div>
        </div>
      </a>
    </div>
  </div>
</div>
`;
