// Jest Snapshot v1, https://goo.gl/fbAQLP

exports[`renders Fan only section unchanged 1`] = `
<div>
  <button
    class="chakra-button css-96i9t"
    type="button"
  >
    <p
      class="chakra-text css-0"
    >
       FANS ONLY 
    </p>
    <svg
      class="chakra-icon css-nyt2fo"
      focusable="false"
      viewBox="0 0 24 24"
      xmlns="http://www.w3.org/2000/svg"
    >
      <path
        d="M12 15V17M6 21H18C19.1046 21 20 20.1046 20 19V13C20 11.8954 19.1046 11 18 11H6C4.89543 11 4 11.8954 4 13V19C4 20.1046 4.89543 21 6 21ZM16 11V7C16 4.79086 14.2091 3 12 3C9.79086 3 8 4.79086 8 7V11H16Z"
        stroke="currentColor"
        stroke-linecap="round"
        stroke-width="1.5"
      />
    </svg>
  </button>
</div>
`;
