// Jest Snapshot v1, https://goo.gl/fbAQLP

exports[`renders select gender unchanged 1`] = `
<div>
  <div
    class="css-1omp9s3"
  >
    <div
      class="css-15s5pib"
    >
      <p
        class="chakra-text css-1thwf74"
      >
        Male
      </p>
    </div>
    <div
      class="css-15s5pib"
    >
      <p
        class="chakra-text css-1thwf74"
      >
        Female
      </p>
    </div>
    <div
      class="css-15s5pib"
    >
      <p
        class="chakra-text css-1thwf74"
      >
        Other
      </p>
    </div>
  </div>
</div>
`;
