// Jest Snapshot v1, https://goo.gl/fbAQLP

exports[`renders List unchanged 1`] = `
<div>
  <div
    class="css-g9fuix"
  >
    <div
      class="css-kcc1xl"
    >
      <div
        class="css-k008qs"
      >
        <div
          class="css-haoc2a"
        >
          <img
            alt="heros item"
            class="chakra-image css-k6jbwm"
            src=""
          />
        </div>
        <div
          class="css-zupw4a"
        >
          <p
            class="chakra-text css-wwubfu"
          >
            Matt Prior
          </p>
          <p
            class="chakra-text css-5dlqde"
          >
            Cricket
          </p>
        </div>
      </div>
    </div>
    <div
      class="css-kcc1xl"
    >
      <div
        class="css-k008qs"
      >
        <div
          class="css-haoc2a"
        >
          <img
            alt="heros item"
            class="chakra-image css-k6jbwm"
            src=""
          />
        </div>
        <div
          class="css-zupw4a"
        >
          <p
            class="chakra-text css-wwubfu"
          >
            Mavis Breitenberg
          </p>
          <p
            class="chakra-text css-5dlqde"
          >
            Marathon
          </p>
        </div>
      </div>
    </div>
    <div
      class="css-kcc1xl"
    >
      <div
        class="css-k008qs"
      >
        <div
          class="css-haoc2a"
        >
          <img
            alt="heros item"
            class="chakra-image css-k6jbwm"
            src=""
          />
        </div>
        <div
          class="css-zupw4a"
        >
          <p
            class="chakra-text css-wwubfu"
          >
            Marcus Mariota
          </p>
          <p
            class="chakra-text css-5dlqde"
          >
            Football
          </p>
        </div>
      </div>
    </div>
    <div
      class="css-kcc1xl"
    >
      <div
        class="css-k008qs"
      >
        <div
          class="css-haoc2a"
        >
          <img
            alt="heros item"
            class="chakra-image css-k6jbwm"
            src=""
          />
        </div>
        <div
          class="css-zupw4a"
        >
          <p
            class="chakra-text css-wwubfu"
          >
            Marshall Eriksen
          </p>
          <p
            class="chakra-text css-5dlqde"
          >
            Surfing
          </p>
        </div>
      </div>
    </div>
    <div
      class="css-r9do2v"
    >
      <div
        class="css-1u71de6"
      >
        See all results
      </div>
    </div>
  </div>
</div>
`;
