// Jest Snapshot v1, https://goo.gl/fbAQLP

exports[`renders homepage unchanged 1`] = `
<div>
  <div
    class="athlete-info css-70qvj9"
  >
    <img
      alt="user-avatar"
      class="chakra-image css-19idant"
      src="undefined//images/heros.png"
    />
    <div
      class="css-4wsamw"
    >
      <p
        class="chakra-text css-cps6wt"
      >
        Penguin
      </p>
      <div
        class="css-13saoid"
      >
        <p
          class="chakra-text css-16pp5eq"
        >
          01/01/20 | 00:00
        </p>
      </div>
    </div>
  </div>
</div>
`;
